org/lcr/aps/model/flightgear/util/CommandBuilder.class
org/lcr/aps/model/flightgear/type/FgProtocolFieldType.class
org/lcr/aps/model/flightgear/connector/TextInputProtocol.class
org/lcr/aps/model/flightgear/serializer/TelnetSerializer.class
org/lcr/aps/model/flightgear/ApsFlightGearModel$2.class
org/lcr/aps/model/flightgear/mission/MissionWriter.class
org/lcr/aps/model/flightgear/ApsFlightGearModel$1.class
org/lcr/aps/model/flightgear/connector/TelnetConnector.class
org/lcr/aps/model/flightgear/map/RegionMap.class
org/lcr/aps/model/flightgear/mission/step/MarkedRouteStep.class
org/lcr/aps/model/flightgear/ApsFlightGearModel.class
org/lcr/aps/model/flightgear/FlightGearRunner.class
org/lcr/aps/model/flightgear/type/RegionType.class
org/lcr/aps/model/flightgear/protocol/FgProtocol.class
org/lcr/aps/model/flightgear/protocol/FgProtocol$1.class
org/lcr/aps/model/flightgear/serializer/FgSerializer.class
org/lcr/aps/model/flightgear/protocol/FgProtocolField.class
org/lcr/aps/model/flightgear/util/XmlBuilder$XmlElement.class
org/lcr/aps/model/flightgear/util/Config.class
org/lcr/aps/model/flightgear/map/Region.class
org/lcr/aps/model/flightgear/util/XmlBuilder.class
