org/lcr/aps/adapter/route/type/RegionType.class
org/lcr/aps/adapter/route/util/Config.class
org/lcr/aps/adapter/route/ApsRouteAdapter.class
org/lcr/aps/adapter/route/util/ConversionUtils.class
org/lcr/aps/adapter/route/third/Mpga$1.class
org/lcr/aps/adapter/route/util/RouteUtils2$1.class
org/lcr/aps/adapter/route/util/RouteUtils.class
org/lcr/aps/adapter/route/third/Mpga.class
org/lcr/aps/adapter/route/data/mission/processor/RouteStepProcessor.class
org/lcr/aps/adapter/route/data/map/RegionMap.class
org/lcr/aps/adapter/route/third/Mpga$2.class
org/lcr/aps/adapter/route/data/map/Region.class
org/lcr/aps/adapter/route/data/mission/processor/MissionStepProcessor.class
org/lcr/aps/adapter/route/util/RouteUtils$1.class
org/lcr/aps/adapter/route/util/RouteUtilsMarcio.class
org/lcr/aps/adapter/route/data/mission/processor/MissionProcessor$1.class
org/lcr/aps/adapter/route/data/MessageSender.class
org/lcr/aps/adapter/route/third/MpgaListener.class
org/lcr/aps/adapter/route/data/mission/processor/MissionProcessor.class
org/lcr/aps/adapter/route/type/RouteMode.class
org/lcr/aps/adapter/route/util/RouteUtils2.class
org/lcr/aps/adapter/route/data/mission/processor/CommandStepProcessor.class
org/lcr/aps/adapter/route/util/RegionUtils$1.class
org/lcr/aps/adapter/route/data/mission/step/MultimodeRouteStep.class
org/lcr/aps/adapter/route/util/RegionUtils.class
